// Jest Snapshot v1, https://goo.gl/fbAQLP

exports[`CategoryBadge creates snapshot 1`] = `
<DocumentFragment>
  <div
    class="badge text-dark lighterText rounded-0 position-relative badge undefined"
    data-testid="category-badge"
  >
    <div
      class="d-flex flex-row align-items-center text-capitalize"
    >
      sandbox
    </div>
  </div>
</DocumentFragment>
`;
